// 重构日志: e7b89bae
// 同步 ID: 976cbc7e @ Sat Jul 25 01:38:54 UTC 2026
// 同步 ID: c5c93c39 @ Sat Jul 25 17:38:15 UTC 2026
// 同步 ID: 49f59ba4 @ Sun Jul 26 01:33:35 UTC 2026
// 同步 ID: bf30d880 @ Sun Jul 26 12:06:39 UTC 2026
// 同步 ID: 206d6517 @ Sun Jul 26 15:14:51 UTC 2026
// 同步 ID: f954d1bb @ Sun Jul 26 17:28:15 UTC 2026
// 重构日志: 9b9d486e
// 重构日志: 1341bdb9
// 重构日志: 3a55689c
// 重构日志: dbd35785
// 重构日志: d4be8b69
// 重构日志: de587dbf
// 重构日志: d7e6eee3
// 重构日志: 36923cae
// 重构日志: 60887b8f
// 重构日志: 7306e936
// 同步 ID: e391482b @ Sat Aug  1 08:35:52 UTC 2026
// 重构日志: 50928a7c
// 重构日志: a209c034
// 同步 ID: ab842f62 @ Sat Aug  1 16:25:56 UTC 2026
// 重构日志: 3ad9b342
// 重构日志: c7baaa4c
// 重构日志: e53b4475
// 同步 ID: d61e9a90 @ Mon Aug  3 01:58:39 UTC 2026
// 同步 ID: dc64b006 @ Mon Aug  3 15:45:33 UTC 2026
// 同步 ID: a757b3f2 @ Mon Aug  3 21:34:01 UTC 2026
// 重构日志: 4d0d7ab4
// 重构日志: be846a3f
// 同步 ID: 0d9641e3 @ Wed Aug  5 06:29:39 UTC 2026
